// Jest Snapshot v1, https://goo.gl/fbAQLP

exports[`Should render empty list message if no expenses 1`] = `
<div>
  <p>
    No Expenses
  </p>
</div>
`;

exports[`Should render expense list with given expenses 1`] = `
<div>
  <ExpenseListItem
    amount={750}
    createdAt={0}
    description="Gum"
    id="1"
    key="1"
    note=""
  />
  <ExpenseListItem
    amount={1090000}
    createdAt={-345600000}
    description="Rent"
    id="2"
    key="2"
    note=""
  />
  <ExpenseListItem
    amount={655000}
    createdAt={345600000}
    description="Credit Card"
    id="3"
    key="3"
    note=""
  />
</div>
`;
